Archive member included to satisfy reference by file (symbol)

/home/hejohnson/Ac6/SystemWorkbench/plugins/fr.ac6.mcu.externaltools.arm-none.linux64_1.15.0.201708311556/tools/compiler/bin/../lib/gcc/arm-none-eabi/6.3.1/../../../../arm-none-eabi/lib/thumb/v7-m/libc_nano.a(lib_a-exit.o)
                              /home/hejohnson/Ac6/SystemWorkbench/plugins/fr.ac6.mcu.externaltools.arm-none.linux64_1.15.0.201708311556/tools/compiler/bin/../lib/gcc/arm-none-eabi/6.3.1/../../../../arm-none-eabi/lib/thumb/v7-m/crt0.o (exit)
/home/hejohnson/Ac6/SystemWorkbench/plugins/fr.ac6.mcu.externaltools.arm-none.linux64_1.15.0.201708311556/tools/compiler/bin/../lib/gcc/arm-none-eabi/6.3.1/../../../../arm-none-eabi/lib/thumb/v7-m/libc_nano.a(lib_a-impure.o)
                              /home/hejohnson/Ac6/SystemWorkbench/plugins/fr.ac6.mcu.externaltools.arm-none.linux64_1.15.0.201708311556/tools/compiler/bin/../lib/gcc/arm-none-eabi/6.3.1/../../../../arm-none-eabi/lib/thumb/v7-m/libc_nano.a(lib_a-exit.o) (_global_impure_ptr)
/home/hejohnson/Ac6/SystemWorkbench/plugins/fr.ac6.mcu.externaltools.arm-none.linux64_1.15.0.201708311556/tools/compiler/bin/../lib/gcc/arm-none-eabi/6.3.1/../../../../arm-none-eabi/lib/thumb/v7-m/libc_nano.a(lib_a-init.o)
                              /home/hejohnson/Ac6/SystemWorkbench/plugins/fr.ac6.mcu.externaltools.arm-none.linux64_1.15.0.201708311556/tools/compiler/bin/../lib/gcc/arm-none-eabi/6.3.1/../../../../arm-none-eabi/lib/thumb/v7-m/crt0.o (__libc_init_array)
/home/hejohnson/Ac6/SystemWorkbench/plugins/fr.ac6.mcu.externaltools.arm-none.linux64_1.15.0.201708311556/tools/compiler/bin/../lib/gcc/arm-none-eabi/6.3.1/../../../../arm-none-eabi/lib/thumb/v7-m/libc_nano.a(lib_a-malloc.o)
                              Src/main.o (malloc)
/home/hejohnson/Ac6/SystemWorkbench/plugins/fr.ac6.mcu.externaltools.arm-none.linux64_1.15.0.201708311556/tools/compiler/bin/../lib/gcc/arm-none-eabi/6.3.1/../../../../arm-none-eabi/lib/thumb/v7-m/libc_nano.a(lib_a-memset.o)
                              /home/hejohnson/Ac6/SystemWorkbench/plugins/fr.ac6.mcu.externaltools.arm-none.linux64_1.15.0.201708311556/tools/compiler/bin/../lib/gcc/arm-none-eabi/6.3.1/../../../../arm-none-eabi/lib/thumb/v7-m/crt0.o (memset)
/home/hejohnson/Ac6/SystemWorkbench/plugins/fr.ac6.mcu.externaltools.arm-none.linux64_1.15.0.201708311556/tools/compiler/bin/../lib/gcc/arm-none-eabi/6.3.1/../../../../arm-none-eabi/lib/thumb/v7-m/libc_nano.a(lib_a-nano-freer.o)
                              /home/hejohnson/Ac6/SystemWorkbench/plugins/fr.ac6.mcu.externaltools.arm-none.linux64_1.15.0.201708311556/tools/compiler/bin/../lib/gcc/arm-none-eabi/6.3.1/../../../../arm-none-eabi/lib/thumb/v7-m/libc_nano.a(lib_a-malloc.o) (_free_r)
/home/hejohnson/Ac6/SystemWorkbench/plugins/fr.ac6.mcu.externaltools.arm-none.linux64_1.15.0.201708311556/tools/compiler/bin/../lib/gcc/arm-none-eabi/6.3.1/../../../../arm-none-eabi/lib/thumb/v7-m/libc_nano.a(lib_a-nano-mallocr.o)
                              /home/hejohnson/Ac6/SystemWorkbench/plugins/fr.ac6.mcu.externaltools.arm-none.linux64_1.15.0.201708311556/tools/compiler/bin/../lib/gcc/arm-none-eabi/6.3.1/../../../../arm-none-eabi/lib/thumb/v7-m/libc_nano.a(lib_a-malloc.o) (_malloc_r)
/home/hejohnson/Ac6/SystemWorkbench/plugins/fr.ac6.mcu.externaltools.arm-none.linux64_1.15.0.201708311556/tools/compiler/bin/../lib/gcc/arm-none-eabi/6.3.1/../../../../arm-none-eabi/lib/thumb/v7-m/libc_nano.a(lib_a-sbrkr.o)
                              /home/hejohnson/Ac6/SystemWorkbench/plugins/fr.ac6.mcu.externaltools.arm-none.linux64_1.15.0.201708311556/tools/compiler/bin/../lib/gcc/arm-none-eabi/6.3.1/../../../../arm-none-eabi/lib/thumb/v7-m/libc_nano.a(lib_a-nano-mallocr.o) (_sbrk_r)
/home/hejohnson/Ac6/SystemWorkbench/plugins/fr.ac6.mcu.externaltools.arm-none.linux64_1.15.0.201708311556/tools/compiler/bin/../lib/gcc/arm-none-eabi/6.3.1/../../../../arm-none-eabi/lib/thumb/v7-m/libc_nano.a(lib_a-mlock.o)
                              /home/hejohnson/Ac6/SystemWorkbench/plugins/fr.ac6.mcu.externaltools.arm-none.linux64_1.15.0.201708311556/tools/compiler/bin/../lib/gcc/arm-none-eabi/6.3.1/../../../../arm-none-eabi/lib/thumb/v7-m/libc_nano.a(lib_a-nano-freer.o) (__malloc_lock)
/home/hejohnson/Ac6/SystemWorkbench/plugins/fr.ac6.mcu.externaltools.arm-none.linux64_1.15.0.201708311556/tools/compiler/bin/../lib/gcc/arm-none-eabi/6.3.1/../../../../arm-none-eabi/lib/thumb/v7-m/libc_nano.a(lib_a-reent.o)
                              /home/hejohnson/Ac6/SystemWorkbench/plugins/fr.ac6.mcu.externaltools.arm-none.linux64_1.15.0.201708311556/tools/compiler/bin/../lib/gcc/arm-none-eabi/6.3.1/../../../../arm-none-eabi/lib/thumb/v7-m/libc_nano.a(lib_a-sbrkr.o) (errno)
/home/hejohnson/Ac6/SystemWorkbench/plugins/fr.ac6.mcu.externaltools.arm-none.linux64_1.15.0.201708311556/tools/compiler/bin/../lib/gcc/arm-none-eabi/6.3.1/../../../../arm-none-eabi/lib/thumb/v7-m/libnosys.a(sbrk.o)
[...]
Memory Configuration

Name             Origin             Length             Attributes
RAM              0x0000000020000000 0x0000000000005000 xrw
FLASH            0x0000000008000000 0x0000000000010000 xr
*default*        0x0000000000000000 0xffffffffffffffff

Linker script and memory map

LOAD /home/hejohnson/Ac6/SystemWorkbench/plugins/fr.ac6.mcu.externaltools.arm-none.linux64_1.15.0.201708311556/tools/compiler/bin/../lib/gcc/arm-none-eabi/6.3.1/thumb/v7-m/crti.o
LOAD /home/hejohnson/Ac6/SystemWorkbench/plugins/fr.ac6.mcu.externaltools.arm-none.linux64_1.15.0.201708311556/tools/compiler/bin/../lib/gcc/arm-none-eabi/6.3.1/thumb/v7-m/crtbegin.o
LOAD /home/hejohnson/Ac6/SystemWorkbench/plugins/fr.ac6.mcu.externaltools.arm-none.linux64_1.15.0.201708311556/tools/compiler/bin/../lib/gcc/arm-none-eabi/6.3.1/../../../../arm-none-eabi/lib/thumb/v7-m/crt0.o
LOAD BSP/epd2in9b.o
LOAD BSP/epdif.o
LOAD BSP/epdpaint.o
LOAD BSP/imagedata.o
LOAD Drivers/STM32F1xx_HAL_Driver/Src/stm32f1xx_hal.o
LOAD Drivers/STM32F1xx_HAL_Driver/Src/stm32f1xx_hal_adc.o
LOAD Drivers/STM32F1xx_HAL_Driver/Src/stm32f1xx_hal_adc_ex.o
LOAD Drivers/STM32F1xx_HAL_Driver/Src/stm32f1xx_hal_can.o
LOAD Drivers/STM32F1xx_HAL_Driver/Src/stm32f1xx_hal_cortex.o
LOAD Drivers/STM32F1xx_HAL_Driver/Src/stm32f1xx_hal_dma.o
LOAD Drivers/STM32F1xx_HAL_Driver/Src/stm32f1xx_hal_flash.o
LOAD Drivers/STM32F1xx_HAL_Driver/Src/stm32f1xx_hal_flash_ex.o
LOAD Drivers/STM32F1xx_HAL_Driver/Src/stm32f1xx_hal_gpio.o
LOAD Drivers/STM32F1xx_HAL_Driver/Src/stm32f1xx_hal_gpio_ex.o
LOAD Drivers/STM32F1xx_HAL_Driver/Src/stm32f1xx_hal_pwr.o
LOAD Drivers/STM32F1xx_HAL_Driver/Src/stm32f1xx_hal_rcc.o
LOAD Drivers/STM32F1xx_HAL_Driver/Src/stm32f1xx_hal_rcc_ex.o
LOAD Drivers/STM32F1xx_HAL_Driver/Src/stm32f1xx_hal_spi.o
LOAD Drivers/STM32F1xx_HAL_Driver/Src/stm32f1xx_hal_spi_ex.o
LOAD Drivers/STM32F1xx_HAL_Driver/Src/stm32f1xx_hal_tim.o
LOAD Drivers/STM32F1xx_HAL_Driver/Src/stm32f1xx_hal_tim_ex.o
LOAD Drivers/STM32F1xx_HAL_Driver/Src/stm32f1xx_hal_uart.o
LOAD Fonts/font12.o
LOAD Fonts/font16.o
LOAD Fonts/font20.o
LOAD Fonts/font24.o
LOAD Fonts/font8.o
LOAD Src/adc.o
LOAD Src/can.o
LOAD Src/gpio.o
LOAD Src/main.o
LOAD Src/spi.o
LOAD Src/stm32f1xx_hal_msp.o
LOAD Src/stm32f1xx_it.o
LOAD Src/system_stm32f1xx.o
LOAD Src/usart.o
LOAD startup/startup_stm32f103xb.o
LOAD /home/hejohnson/Ac6/SystemWorkbench/plugins/fr.ac6.mcu.externaltools.arm-none.linux64_1.15.0.201708311556/tools/compiler/bin/../lib/gcc/arm-none-eabi/6.3.1/../../../../arm-none-eabi/lib/thumb/v7-m/libm.a
START GROUP
LOAD /home/hejohnson/Ac6/SystemWorkbench/plugins/fr.ac6.mcu.externaltools.arm-none.linux64_1.15.0.201708311556/tools/compiler/bin/../lib/gcc/arm-none-eabi/6.3.1/thumb/v7-m/libgcc.a
LOAD /home/hejohnson/Ac6/SystemWorkbench/plugins/fr.ac6.mcu.externaltools.arm-none.linux64_1.15.0.201708311556/tools/compiler/bin/../lib/gcc/arm-none-eabi/6.3.1/../../../../arm-none-eabi/lib/thumb/v7-m/libc_nano.a
END GROUP
START GROUP
LOAD /home/hejohnson/Ac6/SystemWorkbench/plugins/fr.ac6.mcu.externaltools.arm-none.linux64_1.15.0.201708311556/tools/compiler/bin/../lib/gcc/arm-none-eabi/6.3.1/thumb/v7-m/libgcc.a
LOAD /home/hejohnson/Ac6/SystemWorkbench/plugins/fr.ac6.mcu.externaltools.arm-none.linux64_1.15.0.201708311556/tools/compiler/bin/../lib/gcc/arm-none-eabi/6.3.1/../../../../arm-none-eabi/lib/thumb/v7-m/libc_nano.a
LOAD /home/hejohnson/Ac6/SystemWorkbench/plugins/fr.ac6.mcu.externaltools.arm-none.linux64_1.15.0.201708311556/tools/compiler/bin/../lib/gcc/arm-none-eabi/6.3.1/../../../../arm-none-eabi/lib/thumb/v7-m/libnosys.a
END GROUP
START GROUP
LOAD /home/hejohnson/Ac6/SystemWorkbench/plugins/fr.ac6.mcu.externaltools.arm-none.linux64_1.15.0.201708311556/tools/compiler/bin/../lib/gcc/arm-none-eabi/6.3.1/thumb/v7-m/libgcc.a
LOAD /home/hejohnson/Ac6/SystemWorkbench/plugins/fr.ac6.mcu.externaltools.arm-none.linux64_1.15.0.201708311556/tools/compiler/bin/../lib/gcc/arm-none-eabi/6.3.1/../../../../arm-none-eabi/lib/thumb/v7-m/libc_nano.a
LOAD /home/hejohnson/Ac6/SystemWorkbench/plugins/fr.ac6.mcu.externaltools.arm-none.linux64_1.15.0.201708311556/tools/compiler/bin/../lib/gcc/arm-none-eabi/6.3.1/../../../../arm-none-eabi/lib/thumb/v7-m/libnosys.a
END GROUP
LOAD /home/hejohnson/Ac6/SystemWorkbench/plugins/fr.ac6.mcu.externaltools.arm-none.linux64_1.15.0.201708311556/tools/compiler/bin/../lib/gcc/arm-none-eabi/6.3.1/thumb/v7-m/crtend.o
LOAD /home/hejohnson/Ac6/SystemWorkbench/plugins/fr.ac6.mcu.externaltools.arm-none.linux64_1.15.0.201708311556/tools/compiler/bin/../lib/gcc/arm-none-eabi/6.3.1/thumb/v7-m/crtn.o
                0x0000000020005000                _estack = 0x20005000
                0x0000000000002710                _Min_Heap_Size = 0x2710
                0x0000000000000300                _Min_Stack_Size = 0x300

.isr_vector     0x0000000008000000      0x10c
                0x0000000008000000                . = ALIGN (0x4)
 *(.isr_vector)
 .isr_vector    0x0000000008000000      0x10c startup/startup_stm32f103xb.o
                0x0000000008000000                g_pfnVectors
                0x000000000800010c                . = ALIGN (0x4)

.text           0x000000000800010c     0x2940
                0x000000000800010c                . = ALIGN (0x4)
 *(.text)
 .text          0x000000000800010c       0x6c /home/hejohnson/Ac6/SystemWorkbench/plugins/fr.ac6.mcu.externaltools.arm-none.linux64_1.15.0.201708311556/tools/compiler/bin/../lib/gcc/arm-none-eabi/6.3.1/thumb/v7-m/crtbegin.o
 *(.text*)
 .text.EPD_DigitalWrite
                0x0000000008000178        0xc BSP/epd2in9b.o
                0x0000000008000178                EPD_DigitalWrite
 .text.EPD_DigitalRead
                0x0000000008000184        0xa BSP/epd2in9b.o
                0x0000000008000184                EPD_DigitalRead
 .text.EPD_DelayMs
                0x000000000800018e        0xa BSP/epd2in9b.o
                0x000000000800018e                EPD_DelayMs
 .text.EPD_SendCommand
                0x0000000008000198       0x14 BSP/epd2in9b.o
                0x0000000008000198                EPD_SendCommand
 .text.EPD_SendData
                0x00000000080001ac       0x14 BSP/epd2in9b.o
                0x00000000080001ac                EPD_SendData
 .text.EPD_WaitUntilIdle
                0x00000000080001c0       0x1c BSP/epd2in9b.o
                0x00000000080001c0                EPD_WaitUntilIdle
 .text.EPD_Reset
                0x00000000080001dc       0x28 BSP/epd2in9b.o
                0x00000000080001dc                EPD_Reset
 .text.EPD_Init
                0x0000000008000204       0xb6 BSP/epd2in9b.o
                0x0000000008000204                EPD_Init
 .text.EPD_DisplayFrame
                0x00000000080002ba       0x92 BSP/epd2in9b.o
                0x00000000080002ba                EPD_DisplayFrame
 .text.EpdDigitalWriteCallback
                0x000000000800034c       0x34 BSP/epdif.o
                0x000000000800034c                EpdDigitalWriteCallback
 .text.EpdDigitalReadCallback
                0x0000000008000380       0x20 BSP/epdif.o
                0x0000000008000380                EpdDigitalReadCallback
 .text.EpdDelayMsCallback
                0x00000000080003a0        0x8 BSP/epdif.o
                0x00000000080003a0                EpdDelayMsCallback
 .text.EpdSpiTransferCallback
                0x00000000080003a8       0x3c BSP/epdif.o
                0x00000000080003a8                EpdSpiTransferCallback
 .text.EpdInitCallback
                0x00000000080003e4       0x44 BSP/epdif.o
                0x00000000080003e4                EpdInitCallback
 .text.Paint_Init
                0x0000000008000428       0x2a BSP/epdpaint.o
                0x0000000008000428                Paint_Init
 .text.Paint_DrawAbsolutePixel
                0x0000000008000452       0x70 BSP/epdpaint.o
                0x0000000008000452                Paint_DrawAbsolutePixel
 .text.Paint_Clear
                0x00000000080004c2       0x2c BSP/epdpaint.o
                0x00000000080004c2                Paint_Clear
 .text.Paint_SetRotate
                0x00000000080004ee        0x4 BSP/epdpaint.o
                0x00000000080004ee                Paint_SetRotate
 .text.Paint_DrawPixel
                0x00000000080004f2       0x8c BSP/epdpaint.o
                0x00000000080004f2                Paint_DrawPixel
 .text.Paint_DrawCharAt
                0x000000000800057e       0x82 BSP/epdpaint.o
                0x000000000800057e                Paint_DrawCharAt
 .text.Paint_DrawStringAt
                0x0000000008000600       0x34 BSP/epdpaint.o
                0x0000000008000600                Paint_DrawStringAt
 .text.HAL_InitTick
                0x0000000008000634       0x48 Drivers/STM32F1xx_HAL_Driver/Src/stm32f1xx_hal.o
                0x0000000008000634                HAL_InitTick
 .text.HAL_Init
                0x000000000800067c       0x24 Drivers/STM32F1xx_HAL_Driver/Src/stm32f1xx_hal.o
                0x000000000800067c                HAL_Init
 .text.HAL_IncTick
                0x00000000080006a0       0x18 Drivers/STM32F1xx_HAL_Driver/Src/stm32f1xx_hal.o
                0x00000000080006a0                HAL_IncTick
 .text.HAL_GetTick
                0x00000000080006b8        0xc Drivers/STM32F1xx_HAL_Driver/Src/stm32f1xx_hal.o
                0x00000000080006b8                HAL_GetTick
 .text.HAL_Delay
                0x00000000080006c4       0x28 Drivers/STM32F1xx_HAL_Driver/Src/stm32f1xx_hal.o
                0x00000000080006c4                HAL_Delay
 .text.HAL_ADC_ConfigChannel
                0x00000000080006ec      0x138 Drivers/STM32F1xx_HAL_Driver/Src/stm32f1xx_hal_adc.o
                0x00000000080006ec                HAL_ADC_ConfigChannel
 .text.ADC_ConversionStop_Disable
                0x0000000008000824       0x4c Drivers/STM32F1xx_HAL_Driver/Src/stm32f1xx_hal_adc.o
                0x0000000008000824                ADC_ConversionStop_Disable
 .text.HAL_ADC_Init
                0x0000000008000870      0x110 Drivers/STM32F1xx_HAL_Driver/Src/stm32f1xx_hal_adc.o
                0x0000000008000870                HAL_ADC_Init
 .text.HAL_CAN_ConfigFilter
                0x0000000008000980      0x106 Drivers/STM32F1xx_HAL_Driver/Src/stm32f1xx_hal_can.o
                0x0000000008000980                HAL_CAN_ConfigFilter
 .text.HAL_CAN_Init
                0x0000000008000a86      0x142 Drivers/STM32F1xx_HAL_Driver/Src/stm32f1xx_hal_can.o
                0x0000000008000a86                HAL_CAN_Init
 .text.HAL_CAN_Transmit
                0x0000000008000bc8      0x210 Drivers/STM32F1xx_HAL_Driver/Src/stm32f1xx_hal_can.o
                0x0000000008000bc8                HAL_CAN_Transmit
 .text.HAL_CAN_Receive_IT
                0x0000000008000dd8      0x128 Drivers/STM32F1xx_HAL_Driver/Src/stm32f1xx_hal_can.o
                0x0000000008000dd8                HAL_CAN_Receive_IT
 .text.HAL_CAN_TxCpltCallback
                0x0000000008000f00        0x2 Drivers/STM32F1xx_HAL_Driver/Src/stm32f1xx_hal_can.o
                0x0000000008000f00                HAL_CAN_TxCpltCallback
 .text.CAN_Transmit_IT
                0x0000000008000f02       0x5a Drivers/STM32F1xx_HAL_Driver/Src/stm32f1xx_hal_can.o
 .text.CAN_Receive_IT
                0x0000000008000f5c      0x174 Drivers/STM32F1xx_HAL_Driver/Src/stm32f1xx_hal_can.o
 .text.HAL_CAN_ErrorCallback
                0x00000000080010d0        0x2 Drivers/STM32F1xx_HAL_Driver/Src/stm32f1xx_hal_can.o
                0x00000000080010d0                HAL_CAN_ErrorCallback
 *fill*         0x00000000080010d2        0x2 
 .text.HAL_CAN_IRQHandler
                0x00000000080010d4      0x1fc Drivers/STM32F1xx_HAL_Driver/Src/stm32f1xx_hal_can.o
                0x00000000080010d4                HAL_CAN_IRQHandler
 .text.HAL_NVIC_SetPriorityGrouping
                0x00000000080012d0       0x24 Drivers/STM32F1xx_HAL_Driver/Src/stm32f1xx_hal_cortex.o
                0x00000000080012d0                HAL_NVIC_SetPriorityGrouping
 .text.HAL_NVIC_SetPriority
                0x00000000080012f4       0x64 Drivers/STM32F1xx_HAL_Driver/Src/stm32f1xx_hal_cortex.o
                0x00000000080012f4                HAL_NVIC_SetPriority
 .text.HAL_NVIC_EnableIRQ
                0x0000000008001358       0x18 Drivers/STM32F1xx_HAL_Driver/Src/stm32f1xx_hal_cortex.o
                0x0000000008001358                HAL_NVIC_EnableIRQ
 .text.HAL_SYSTICK_Config
                0x0000000008001370       0x2c Drivers/STM32F1xx_HAL_Driver/Src/stm32f1xx_hal_cortex.o
                0x0000000008001370                HAL_SYSTICK_Config
 .text.HAL_SYSTICK_CLKSourceConfig
                0x000000000800139c       0x20 Drivers/STM32F1xx_HAL_Driver/Src/stm32f1xx_hal_cortex.o
                0x000000000800139c                HAL_SYSTICK_CLKSourceConfig
 .text.HAL_SYSTICK_IRQHandler
                0x00000000080013bc        0x8 Drivers/STM32F1xx_HAL_Driver/Src/stm32f1xx_hal_cortex.o
                0x00000000080013bc                HAL_SYSTICK_IRQHandler
 .text.HAL_GPIO_Init
                0x00000000080013c4      0x1ec Drivers/STM32F1xx_HAL_Driver/Src/stm32f1xx_hal_gpio.o
                0x00000000080013c4                HAL_GPIO_Init
 .text.HAL_GPIO_ReadPin
                0x00000000080015b0        0xe Drivers/STM32F1xx_HAL_Driver/Src/stm32f1xx_hal_gpio.o
                0x00000000080015b0                HAL_GPIO_ReadPin
 .text.HAL_GPIO_WritePin
                0x00000000080015be        0xc Drivers/STM32F1xx_HAL_Driver/Src/stm32f1xx_hal_gpio.o
                0x00000000080015be                HAL_GPIO_WritePin
 *fill*         0x00000000080015ca        0x2 
 .text.RCC_Delay
                0x00000000080015cc       0x2c Drivers/STM32F1xx_HAL_Driver/Src/stm32f1xx_hal_rcc.o
 .text.HAL_RCC_OscConfig
                0x00000000080015f8      0x3e0 Drivers/STM32F1xx_HAL_Driver/Src/stm32f1xx_hal_rcc.o
                0x00000000080015f8                HAL_RCC_OscConfig
 .text.HAL_RCC_GetSysClockFreq
                0x00000000080019d8       0x6c Drivers/STM32F1xx_HAL_Driver/Src/stm32f1xx_hal_rcc.o
                0x00000000080019d8                HAL_RCC_GetSysClockFreq
 .text.HAL_RCC_ClockConfig
                0x0000000008001a44      0x178 Drivers/STM32F1xx_HAL_Driver/Src/stm32f1xx_hal_rcc.o
                0x0000000008001a44                HAL_RCC_ClockConfig
 .text.HAL_RCC_GetHCLKFreq
                0x0000000008001bbc        0xc Drivers/STM32F1xx_HAL_Driver/Src/stm32f1xx_hal_rcc.o
                0x0000000008001bbc                HAL_RCC_GetHCLKFreq
 .text.HAL_RCC_GetPCLK1Freq
                0x0000000008001bc8       0x20 Drivers/STM32F1xx_HAL_Driver/Src/stm32f1xx_hal_rcc.o
                0x0000000008001bc8                HAL_RCC_GetPCLK1Freq
 .text.HAL_RCC_GetPCLK2Freq
                0x0000000008001be8       0x20 Drivers/STM32F1xx_HAL_Driver/Src/stm32f1xx_hal_rcc.o
                0x0000000008001be8                HAL_RCC_GetPCLK2Freq
 .text.HAL_RCCEx_PeriphCLKConfig
                0x0000000008001c08      0x114 Drivers/STM32F1xx_HAL_Driver/Src/stm32f1xx_hal_rcc_ex.o
                0x0000000008001c08                HAL_RCCEx_PeriphCLKConfig
 .text.SPI_WaitFlagStateUntilTimeout
                0x0000000008001d1c       0x96 Drivers/STM32F1xx_HAL_Driver/Src/stm32f1xx_hal_spi.o
 .text.SPI_CheckFlag_BSY
                0x0000000008001db2       0x26 Drivers/STM32F1xx_HAL_Driver/Src/stm32f1xx_hal_spi.o
 .text.HAL_SPI_Transmit
                0x0000000008001dd8      0x1ac Drivers/STM32F1xx_HAL_Driver/Src/stm32f1xx_hal_spi.o
                0x0000000008001dd8                HAL_SPI_Transmit
 .text.HAL_SPI_Init
                0x0000000008001f84       0x82 Drivers/STM32F1xx_HAL_Driver/Src/stm32f1xx_hal_spi_ex.o
                0x0000000008001f84                HAL_SPI_Init
 *fill*         0x0000000008002006        0x2 
 .text.UART_SetConfig
                0x0000000008002008      0x1b0 Drivers/STM32F1xx_HAL_Driver/Src/stm32f1xx_hal_uart.o
 .text.HAL_UART_Init
                0x00000000080021b8       0x5e Drivers/STM32F1xx_HAL_Driver/Src/stm32f1xx_hal_uart.o
                0x00000000080021b8                HAL_UART_Init
 *fill*         0x0000000008002216        0x2 
 .text.MX_ADC1_Init
                0x0000000008002218       0x60 Src/adc.o
                0x0000000008002218                MX_ADC1_Init
 .text.HAL_ADC_MspInit
                0x0000000008002278       0x2c Src/adc.o
                0x0000000008002278                HAL_ADC_MspInit
 .text.HAL_CAN_MspInit
                0x00000000080022a4       0x7c Src/can.o
                0x00000000080022a4                HAL_CAN_MspInit
 .text.MX_GPIO_Init
                0x0000000008002320       0x8c Src/gpio.o
                0x0000000008002320                MX_GPIO_Init
 .text.HAL_SYSTICK_Callback
                0x00000000080023ac       0x10 Src/main.o
                0x00000000080023ac                HAL_SYSTICK_Callback
 .text._Error_Handler
                0x00000000080023bc        0x2 Src/main.o
                0x00000000080023bc                _Error_Handler
 *fill*         0x00000000080023be        0x2 
 .text.CAN_Config
                0x00000000080023c0       0x88 Src/main.o
 .text.SystemClock_Config
                0x0000000008002448       0x8c Src/main.o
                0x0000000008002448                SystemClock_Config
 .text.main     0x00000000080024d4      0x164 Src/main.o
                0x00000000080024d4                main
 .text.HAL_CAN_RxCpltCallback
                0x0000000008002638       0x1c Src/main.o
                0x0000000008002638                HAL_CAN_RxCpltCallback
 .text.MX_SPI1_Init
                0x0000000008002654       0x48 Src/spi.o
                0x0000000008002654                MX_SPI1_Init
 .text.HAL_SPI_MspInit
                0x000000000800269c       0x48 Src/spi.o
                0x000000000800269c                HAL_SPI_MspInit
 .text.HAL_MspInit
                0x00000000080026e4       0x90 Src/stm32f1xx_hal_msp.o
                0x00000000080026e4                HAL_MspInit
 .text.NMI_Handler
                0x0000000008002774        0x2 Src/stm32f1xx_it.o
                0x0000000008002774                NMI_Handler
 .text.HardFault_Handler
                0x0000000008002776        0x2 Src/stm32f1xx_it.o
                0x0000000008002776                HardFault_Handler
 .text.MemManage_Handler
                0x0000000008002778        0x2 Src/stm32f1xx_it.o
                0x0000000008002778                MemManage_Handler
 .text.BusFault_Handler
                0x000000000800277a        0x2 Src/stm32f1xx_it.o
                0x000000000800277a                BusFault_Handler
 .text.UsageFault_Handler
                0x000000000800277c        0x2 Src/stm32f1xx_it.o
                0x000000000800277c                UsageFault_Handler
 .text.SVC_Handler
                0x000000000800277e        0x2 Src/stm32f1xx_it.o
                0x000000000800277e                SVC_Handler
 .text.DebugMon_Handler
                0x0000000008002780        0x2 Src/stm32f1xx_it.o
                0x0000000008002780                DebugMon_Handler
 .text.PendSV_Handler
                0x0000000008002782        0x2 Src/stm32f1xx_it.o
                0x0000000008002782                PendSV_Handler
 .text.SysTick_Handler
                0x0000000008002784        0xc Src/stm32f1xx_it.o
                0x0000000008002784                SysTick_Handler
 .text.USB_HP_CAN1_TX_IRQHandler
                0x0000000008002790       0x10 Src/stm32f1xx_it.o
                0x0000000008002790                USB_HP_CAN1_TX_IRQHandler
 .text.USB_LP_CAN1_RX0_IRQHandler
                0x00000000080027a0       0x10 Src/stm32f1xx_it.o
                0x00000000080027a0                USB_LP_CAN1_RX0_IRQHandler
 .text.SystemInit
                0x00000000080027b0       0x4c Src/system_stm32f1xx.o
                0x00000000080027b0                SystemInit
 .text.MX_USART1_UART_Init
                0x00000000080027fc       0x3c Src/usart.o
                0x00000000080027fc                MX_USART1_UART_Init
 .text.HAL_UART_MspInit
                0x0000000008002838       0x5c Src/usart.o
                0x0000000008002838                HAL_UART_MspInit
 .text.Reset_Handler
                0x0000000008002894       0x48 startup/startup_stm32f103xb.o
                0x0000000008002894                Reset_Handler
 .text.Default_Handler
                0x00000000080028dc        0x2 startup/startup_stm32f103xb.o
                0x00000000080028dc                RTC_Alarm_IRQHandler
                0x00000000080028dc                EXTI2_IRQHandler
                0x00000000080028dc                TIM1_CC_IRQHandler
                0x00000000080028dc                PVD_IRQHandler
                0x00000000080028dc                EXTI3_IRQHandler
                0x00000000080028dc                EXTI0_IRQHandler
                0x00000000080028dc                I2C2_EV_IRQHandler
                0x00000000080028dc                ADC1_2_IRQHandler
                0x00000000080028dc                SPI1_IRQHandler
                0x00000000080028dc                TAMPER_IRQHandler
                0x00000000080028dc                DMA1_Channel4_IRQHandler
                0x00000000080028dc                USART3_IRQHandler
                0x00000000080028dc                RTC_IRQHandler
                0x00000000080028dc                DMA1_Channel7_IRQHandler
                0x00000000080028dc                CAN1_RX1_IRQHandler
                0x00000000080028dc                TIM4_IRQHandler
                0x00000000080028dc                I2C1_EV_IRQHandler
                0x00000000080028dc                DMA1_Channel6_IRQHandler
                0x00000000080028dc                TIM3_IRQHandler
                0x00000000080028dc                RCC_IRQHandler
                0x00000000080028dc                TIM1_TRG_COM_IRQHandler
                0x00000000080028dc                DMA1_Channel1_IRQHandler
                0x00000000080028dc                Default_Handler
                0x00000000080028dc                EXTI15_10_IRQHandler
                0x00000000080028dc                EXTI9_5_IRQHandler
                0x00000000080028dc                SPI2_IRQHandler
                0x00000000080028dc                DMA1_Channel5_IRQHandler
                0x00000000080028dc                EXTI4_IRQHandler
                0x00000000080028dc                DMA1_Channel3_IRQHandler
                0x00000000080028dc                TIM1_UP_IRQHandler
                0x00000000080028dc                WWDG_IRQHandler
                0x00000000080028dc                TIM2_IRQHandler
                0x00000000080028dc                TIM1_BRK_IRQHandler
                0x00000000080028dc                EXTI1_IRQHandler
                0x00000000080028dc                USART2_IRQHandler
                0x00000000080028dc                I2C2_ER_IRQHandler
                0x00000000080028dc                DMA1_Channel2_IRQHandler
                0x00000000080028dc                CAN1_SCE_IRQHandler
                0x00000000080028dc                FLASH_IRQHandler
                0x00000000080028dc                USART1_IRQHandler
                0x00000000080028dc                I2C1_ER_IRQHandler
                0x00000000080028dc                USBWakeUp_IRQHandler
 *fill*         0x00000000080028de        0x2 
 .text.__libc_init_array
                0x00000000080028e0       0x48 /home/hejohnson/Ac6/SystemWorkbench/plugins/fr.ac6.mcu.externaltools.arm-none.linux64_1.15.0.201708311556/tools/compiler/bin/../lib/gcc/arm-none-eabi/6.3.1/../../../../arm-none-eabi/lib/thumb/v7-m/libc_nano.a(lib_a-init.o)
                0x00000000080028e0                __libc_init_array
 .text.malloc   0x0000000008002928       0x10 /home/hejohnson/Ac6/SystemWorkbench/plugins/fr.ac6.mcu.externaltools.arm-none.linux64_1.15.0.201708311556/tools/compiler/bin/../lib/gcc/arm-none-eabi/6.3.1/../../../../arm-none-eabi/lib/thumb/v7-m/libc_nano.a(lib_a-malloc.o)
                0x0000000008002928                malloc
 .text._malloc_r
                0x0000000008002938       0xbc /home/hejohnson/Ac6/SystemWorkbench/plugins/fr.ac6.mcu.externaltools.arm-none.linux64_1.15.0.201708311556/tools/compiler/bin/../lib/gcc/arm-none-eabi/6.3.1/../../../../arm-none-eabi/lib/thumb/v7-m/libc_nano.a(lib_a-nano-mallocr.o)
                0x0000000008002938                _malloc_r
 .text._sbrk_r  0x00000000080029f4       0x20 /home/hejohnson/Ac6/SystemWorkbench/plugins/fr.ac6.mcu.externaltools.arm-none.linux64_1.15.0.201708311556/tools/compiler/bin/../lib/gcc/arm-none-eabi/6.3.1/../../../../arm-none-eabi/lib/thumb/v7-m/libc_nano.a(lib_a-sbrkr.o)
                0x00000000080029f4                _sbrk_r
 .text.__malloc_lock
                0x0000000008002a14        0x2 /home/hejohnson/Ac6/SystemWorkbench/plugins/fr.ac6.mcu.externaltools.arm-none.linux64_1.15.0.201708311556/tools/compiler/bin/../lib/gcc/arm-none-eabi/6.3.1/../../../../arm-none-eabi/lib/thumb/v7-m/libc_nano.a(lib_a-mlock.o)
                0x0000000008002a14                __malloc_lock
 .text.__malloc_unlock
                0x0000000008002a16        0x2 /home/hejohnson/Ac6/SystemWorkbench/plugins/fr.ac6.mcu.externaltools.arm-none.linux64_1.15.0.201708311556/tools/compiler/bin/../lib/gcc/arm-none-eabi/6.3.1/../../../../arm-none-eabi/lib/thumb/v7-m/libc_nano.a(lib_a-mlock.o)
                0x0000000008002a16                __malloc_unlock
 .text._sbrk    0x0000000008002a18       0x1c /home/hejohnson/Ac6/SystemWorkbench/plugins/fr.ac6.mcu.externaltools.arm-none.linux64_1.15.0.201708311556/tools/compiler/bin/../lib/gcc/arm-none-eabi/6.3.1/../../../../arm-none-eabi/lib/thumb/v7-m/libnosys.a(sbrk.o)
                0x0000000008002a18                _sbrk
 *(.glue_7)
 .glue_7        0x0000000008002a34        0x0 linker stubs
 *(.glue_7t)
 .glue_7t       0x0000000008002a34        0x0 linker stubs
 *(.eh_frame)
 .eh_frame      0x0000000008002a34        0x0 /home/hejohnson/Ac6/SystemWorkbench/plugins/fr.ac6.mcu.externaltools.arm-none.linux64_1.15.0.201708311556/tools/compiler/bin/../lib/gcc/arm-none-eabi/6.3.1/thumb/v7-m/crtbegin.o
 *(.init)
 .init          0x0000000008002a34        0x4 /home/hejohnson/Ac6/SystemWorkbench/plugins/fr.ac6.mcu.externaltools.arm-none.linux64_1.15.0.201708311556/tools/compiler/bin/../lib/gcc/arm-none-eabi/6.3.1/thumb/v7-m/crti.o
                0x0000000008002a34                _init
 .init          0x0000000008002a38        0x8 /home/hejohnson/Ac6/SystemWorkbench/plugins/fr.ac6.mcu.externaltools.arm-none.linux64_1.15.0.201708311556/tools/compiler/bin/../lib/gcc/arm-none-eabi/6.3.1/thumb/v7-m/crtn.o
 *(.fini)
 .fini          0x0000000008002a40        0x4 /home/hejohnson/Ac6/SystemWorkbench/plugins/fr.ac6.mcu.externaltools.arm-none.linux64_1.15.0.201708311556/tools/compiler/bin/../lib/gcc/arm-none-eabi/6.3.1/thumb/v7-m/crti.o
                0x0000000008002a40                _fini
 .fini          0x0000000008002a44        0x8 /home/hejohnson/Ac6/SystemWorkbench/plugins/fr.ac6.mcu.externaltools.arm-none.linux64_1.15.0.201708311556/tools/compiler/bin/../lib/gcc/arm-none-eabi/6.3.1/thumb/v7-m/crtn.o
                0x0000000008002a4c                . = ALIGN (0x4)
                0x0000000008002a4c                _etext = .

.vfp11_veneer   0x0000000008002a4c        0x0
 .vfp11_veneer  0x0000000008002a4c        0x0 linker stubs

.v4_bx          0x0000000008002a4c        0x0
 .v4_bx         0x0000000008002a4c        0x0 linker stubs

.iplt           0x0000000008002a4c        0x0
 .iplt          0x0000000008002a4c        0x0 /home/hejohnson/Ac6/SystemWorkbench/plugins/fr.ac6.mcu.externaltools.arm-none.linux64_1.15.0.201708311556/tools/compiler/bin/../lib/gcc/arm-none-eabi/6.3.1/thumb/v7-m/crtbegin.o

.rodata         0x0000000008002a4c     0x1b4c
                0x0000000008002a4c                . = ALIGN (0x4)
 *(.rodata)
 .rodata        0x0000000008002a4c       0x12 Drivers/STM32F1xx_HAL_Driver/Src/stm32f1xx_hal_rcc.o
 *fill*         0x0000000008002a5e        0x2 
 .rodata        0x0000000008002a60     0x1ab8 Fonts/font24.o
                0x0000000008002a60                Font24_Table
 .rodata        0x0000000008004518       0x18 Src/system_stm32f1xx.o
                0x0000000008004518                AHBPrescTable
                0x0000000008004528                APBPrescTable
 *(.rodata*)
 .rodata.str1.4
                0x0000000008004530        0xd Src/adc.o
 *fill*         0x000000000800453d        0x3 
 .rodata.str1.4
                0x0000000008004540       0x38 Src/main.o
 .rodata.str1.4
                0x0000000008004578        0xd Src/spi.o
 *fill*         0x0000000008004585        0x3 
 .rodata.str1.4
                0x0000000008004588       0x10 Src/usart.o
                                          0xf (size before relaxing)
                0x0000000008004598                . = ALIGN (0x4)

.rel.dyn        0x0000000008004598        0x0
 .rel.iplt      0x0000000008004598        0x0 /home/hejohnson/Ac6/SystemWorkbench/plugins/fr.ac6.mcu.externaltools.arm-none.linux64_1.15.0.201708311556/tools/compiler/bin/../lib/gcc/arm-none-eabi/6.3.1/thumb/v7-m/crtbegin.o

.ARM.extab
 *(.ARM.extab* .gnu.linkonce.armextab.*)

.ARM            0x0000000008004598        0x0
                0x0000000008004598                __exidx_start = .
 *(.ARM.exidx*)
                0x0000000008004598                __exidx_end = .

.preinit_array  0x0000000008004598        0x0
                0x0000000008004598                PROVIDE (__preinit_array_start, .)
 *(.preinit_array*)
                0x0000000008004598                PROVIDE (__preinit_array_end, .)

.init_array     0x0000000008004598        0x4
                0x0000000008004598                PROVIDE (__init_array_start, .)
 *(SORT(.init_array.*))
 *(.init_array*)
 .init_array    0x0000000008004598        0x4 /home/hejohnson/Ac6/SystemWorkbench/plugins/fr.ac6.mcu.externaltools.arm-none.linux64_1.15.0.201708311556/tools/compiler/bin/../lib/gcc/arm-none-eabi/6.3.1/thumb/v7-m/crtbegin.o
                0x000000000800459c                PROVIDE (__init_array_end, .)

.fini_array     0x000000000800459c        0x4
                [!provide]                        PROVIDE (__fini_array_start, .)
 *(SORT(.fini_array.*))
 *(.fini_array*)
 .fini_array    0x000000000800459c        0x4 /home/hejohnson/Ac6/SystemWorkbench/plugins/fr.ac6.mcu.externaltools.arm-none.linux64_1.15.0.201708311556/tools/compiler/bin/../lib/gcc/arm-none-eabi/6.3.1/thumb/v7-m/crtbegin.o
                [!provide]                        PROVIDE (__fini_array_end, .)
                0x00000000080045a0                _sidata = LOADADDR (.data)

.data           0x0000000020000000       0x98 load address 0x00000000080045a0
                0x0000000020000000                . = ALIGN (0x4)
                0x0000000020000000                _sdata = .
 *(.data)
 .data          0x0000000020000000       0x20 BSP/epdif.o
                0x0000000020000000                epd_cs_pin
                0x0000000020000008                epd_rst_pin
                0x0000000020000010                epd_dc_pin
                0x0000000020000018                epd_busy_pin
 .data          0x0000000020000020        0x8 Drivers/STM32F1xx_HAL_Driver/Src/stm32f1xx_hal.o
                0x0000000020000020                uwTickFreq
                0x0000000020000024                uwTickPrio
 .data          0x0000000020000028        0x8 Fonts/font24.o
                0x0000000020000028                Font24
 .data          0x0000000020000030        0x4 Src/system_stm32f1xx.o
                0x0000000020000030                SystemCoreClock
 *(.data*)
 .data._impure_ptr
                0x0000000020000034        0x4 /home/hejohnson/Ac6/SystemWorkbench/plugins/fr.ac6.mcu.externaltools.arm-none.linux64_1.15.0.201708311556/tools/compiler/bin/../lib/gcc/arm-none-eabi/6.3.1/../../../../arm-none-eabi/lib/thumb/v7-m/libc_nano.a(lib_a-impure.o)
                0x0000000020000034                _impure_ptr
 .data.impure_data
                0x0000000020000038       0x60 /home/hejohnson/Ac6/SystemWorkbench/plugins/fr.ac6.mcu.externaltools.arm-none.linux64_1.15.0.201708311556/tools/compiler/bin/../lib/gcc/arm-none-eabi/6.3.1/../../../../arm-none-eabi/lib/thumb/v7-m/libc_nano.a(lib_a-impure.o)
                0x0000000020000098                . = ALIGN (0x4)
                0x0000000020000098                _edata = .

.jcr            0x0000000020000098        0x0 load address 0x0000000008004638
 .jcr           0x0000000020000098        0x0 /home/hejohnson/Ac6/SystemWorkbench/plugins/fr.ac6.mcu.externaltools.arm-none.linux64_1.15.0.201708311556/tools/compiler/bin/../lib/gcc/arm-none-eabi/6.3.1/thumb/v7-m/crtbegin.o

.igot.plt       0x0000000020000098        0x0 load address 0x0000000008004638
 .igot.plt      0x0000000020000098        0x0 /home/hejohnson/Ac6/SystemWorkbench/plugins/fr.ac6.mcu.externaltools.arm-none.linux64_1.15.0.201708311556/tools/compiler/bin/../lib/gcc/arm-none-eabi/6.3.1/thumb/v7-m/crtbegin.o
                0x0000000020000098                . = ALIGN (0x4)

.bss            0x0000000020000098      0x1e8 load address 0x0000000008004638
                0x0000000020000098                _sbss = .
                0x0000000020000098                __bss_start__ = _sbss
 *(.bss)
 .bss           0x0000000020000098       0x1c /home/hejohnson/Ac6/SystemWorkbench/plugins/fr.ac6.mcu.externaltools.arm-none.linux64_1.15.0.201708311556/tools/compiler/bin/../lib/gcc/arm-none-eabi/6.3.1/thumb/v7-m/crtbegin.o
 .bss           0x00000000200000b4       0x41 Src/main.o
                0x00000000200000f4                ubKeyNumber
 *(.bss*)
 *fill*         0x00000000200000f5        0x3 
 .bss.__malloc_free_list
                0x00000000200000f8        0x4 /home/hejohnson/Ac6/SystemWorkbench/plugins/fr.ac6.mcu.externaltools.arm-none.linux64_1.15.0.201708311556/tools/compiler/bin/../lib/gcc/arm-none-eabi/6.3.1/../../../../arm-none-eabi/lib/thumb/v7-m/libc_nano.a(lib_a-nano-mallocr.o)
                0x00000000200000f8                __malloc_free_list
 .bss.__malloc_sbrk_start
                0x00000000200000fc        0x4 /home/hejohnson/Ac6/SystemWorkbench/plugins/fr.ac6.mcu.externaltools.arm-none.linux64_1.15.0.201708311556/tools/compiler/bin/../lib/gcc/arm-none-eabi/6.3.1/../../../../arm-none-eabi/lib/thumb/v7-m/libc_nano.a(lib_a-nano-mallocr.o)
                0x00000000200000fc                __malloc_sbrk_start
 .bss.heap_end.4116
                0x0000000020000100        0x4 /home/hejohnson/Ac6/SystemWorkbench/plugins/fr.ac6.mcu.externaltools.arm-none.linux64_1.15.0.201708311556/tools/compiler/bin/../lib/gcc/arm-none-eabi/6.3.1/../../../../arm-none-eabi/lib/thumb/v7-m/libnosys.a(sbrk.o)
 *(COMMON)
 COMMON         0x0000000020000104       0x20 BSP/epdif.o
                0x0000000020000104                pins
 COMMON         0x0000000020000124        0x4 Drivers/STM32F1xx_HAL_Driver/Src/stm32f1xx_hal.o
                0x0000000020000124                uwTick
 COMMON         0x0000000020000128       0x30 Src/adc.o
                0x0000000020000128                hadc1
 COMMON         0x0000000020000158       0x44 Src/can.o
                0x0000000020000158                hcan
 COMMON         0x000000002000019c       0x48 Src/main.o
                0x000000002000019c                CanHandle
                0x00000000200001e0                ticks
 COMMON         0x00000000200001e4       0x58 Src/spi.o
                0x00000000200001e4                hspi1
 COMMON         0x000000002000023c       0x40 Src/usart.o
                0x000000002000023c                huart1
 COMMON         0x000000002000027c        0x4 /home/hejohnson/Ac6/SystemWorkbench/plugins/fr.ac6.mcu.externaltools.arm-none.linux64_1.15.0.201708311556/tools/compiler/bin/../lib/gcc/arm-none-eabi/6.3.1/../../../../arm-none-eabi/lib/thumb/v7-m/libc_nano.a(lib_a-reent.o)
                0x000000002000027c                errno
                0x0000000020000280                . = ALIGN (0x4)
                0x0000000020000280                _ebss = .
                0x0000000020000280                __bss_end__ = _ebss

._user_heap_stack
                0x0000000020000280     0x2a10 load address 0x0000000008004638
                0x0000000020000280                . = ALIGN (0x8)
                0x0000000020000280                PROVIDE (end, .)
                [!provide]                        PROVIDE (_end, .)
                0x0000000020002990                . = (. + _Min_Heap_Size)
 *fill*         0x0000000020000280     0x2710 
                0x0000000020002c90                . = (. + _Min_Stack_Size)
 *fill*         0x0000000020002990      0x300 
                0x0000000020002c90                . = ALIGN (0x8)

/DISCARD/
 libc.a(*)
 libm.a(*)
 libgcc.a(*)

.ARM.attributes
                0x0000000000000000       0x29
 *(.ARM.attributes)
 .ARM.attributes
                0x0000000000000000       0x1d /home/hejohnson/Ac6/SystemWorkbench/plugins/fr.ac6.mcu.externaltools.arm-none.linux64_1.15.0.201708311556/tools/compiler/bin/../lib/gcc/arm-none-eabi/6.3.1/thumb/v7-m/crti.o
 .ARM.attributes
                0x000000000000001d       0x2d /home/hejohnson/Ac6/SystemWorkbench/plugins/fr.ac6.mcu.externaltools.arm-none.linux64_1.15.0.201708311556/tools/compiler/bin/../lib/gcc/arm-none-eabi/6.3.1/thumb/v7-m/crtbegin.o
 .ARM.attributes
                0x000000000000004a       0x33 BSP/epd2in9b.o
 .ARM.attributes
                0x000000000000007d       0x33 BSP/epdif.o
 .ARM.attributes
                0x00000000000000b0       0x33 BSP/epdpaint.o
 .ARM.attributes
                0x00000000000000e3       0x33 Drivers/STM32F1xx_HAL_Driver/Src/stm32f1xx_hal.o
 .ARM.attributes
                0x0000000000000116       0x33 Drivers/STM32F1xx_HAL_Driver/Src/stm32f1xx_hal_adc.o
 .ARM.attributes
                0x0000000000000149       0x33 Drivers/STM32F1xx_HAL_Driver/Src/stm32f1xx_hal_can.o
 .ARM.attributes
                0x000000000000017c       0x33 Drivers/STM32F1xx_HAL_Driver/Src/stm32f1xx_hal_cortex.o
 .ARM.attributes
                0x00000000000001af       0x33 Drivers/STM32F1xx_HAL_Driver/Src/stm32f1xx_hal_gpio.o
 .ARM.attributes
                0x00000000000001e2       0x33 Drivers/STM32F1xx_HAL_Driver/Src/stm32f1xx_hal_rcc.o
 .ARM.attributes
                0x0000000000000215       0x33 Drivers/STM32F1xx_HAL_Driver/Src/stm32f1xx_hal_rcc_ex.o
 .ARM.attributes
                0x0000000000000248       0x33 Drivers/STM32F1xx_HAL_Driver/Src/stm32f1xx_hal_spi.o
 .ARM.attributes
                0x000000000000027b       0x33 Drivers/STM32F1xx_HAL_Driver/Src/stm32f1xx_hal_spi_ex.o
 .ARM.attributes
                0x00000000000002ae       0x33 Drivers/STM32F1xx_HAL_Driver/Src/stm32f1xx_hal_uart.o
 .ARM.attributes
                0x00000000000002e1       0x33 Fonts/font24.o
 .ARM.attributes
                0x0000000000000314       0x33 Src/adc.o
 .ARM.attributes
                0x0000000000000347       0x33 Src/can.o
 .ARM.attributes
                0x000000000000037a       0x33 Src/gpio.o
 .ARM.attributes
                0x00000000000003ad       0x33 Src/main.o
 .ARM.attributes
                0x00000000000003e0       0x33 Src/spi.o
 .ARM.attributes
                0x0000000000000413       0x33 Src/stm32f1xx_hal_msp.o
 .ARM.attributes
                0x0000000000000446       0x33 Src/stm32f1xx_it.o
 .ARM.attributes
                0x0000000000000479       0x33 Src/system_stm32f1xx.o
 .ARM.attributes
                0x00000000000004ac       0x33 Src/usart.o
 .ARM.attributes
                0x00000000000004df       0x21 startup/startup_stm32f103xb.o
 .ARM.attributes
                0x0000000000000500       0x2d /home/hejohnson/Ac6/SystemWorkbench/plugins/fr.ac6.mcu.externaltools.arm-none.linux64_1.15.0.201708311556/tools/compiler/bin/../lib/gcc/arm-none-eabi/6.3.1/../../../../arm-none-eabi/lib/thumb/v7-m/libc_nano.a(lib_a-impure.o)
 .ARM.attributes
                0x000000000000052d       0x2d /home/hejohnson/Ac6/SystemWorkbench/plugins/fr.ac6.mcu.externaltools.arm-none.linux64_1.15.0.201708311556/tools/compiler/bin/../lib/gcc/arm-none-eabi/6.3.1/../../../../arm-none-eabi/lib/thumb/v7-m/libc_nano.a(lib_a-init.o)
 .ARM.attributes
                0x000000000000055a       0x2d /home/hejohnson/Ac6/SystemWorkbench/plugins/fr.ac6.mcu.externaltools.arm-none.linux64_1.15.0.201708311556/tools/compiler/bin/../lib/gcc/arm-none-eabi/6.3.1/../../../../arm-none-eabi/lib/thumb/v7-m/libc_nano.a(lib_a-malloc.o)
 .ARM.attributes
                0x0000000000000587       0x2d /home/hejohnson/Ac6/SystemWorkbench/plugins/fr.ac6.mcu.externaltools.arm-none.linux64_1.15.0.201708311556/tools/compiler/bin/../lib/gcc/arm-none-eabi/6.3.1/../../../../arm-none-eabi/lib/thumb/v7-m/libc_nano.a(lib_a-nano-mallocr.o)
 .ARM.attributes
                0x00000000000005b4       0x2d /home/hejohnson/Ac6/SystemWorkbench/plugins/fr.ac6.mcu.externaltools.arm-none.linux64_1.15.0.201708311556/tools/compiler/bin/../lib/gcc/arm-none-eabi/6.3.1/../../../../arm-none-eabi/lib/thumb/v7-m/libc_nano.a(lib_a-sbrkr.o)
 .ARM.attributes
                0x00000000000005e1       0x2d /home/hejohnson/Ac6/SystemWorkbench/plugins/fr.ac6.mcu.externaltools.arm-none.linux64_1.15.0.201708311556/tools/compiler/bin/../lib/gcc/arm-none-eabi/6.3.1/../../../../arm-none-eabi/lib/thumb/v7-m/libc_nano.a(lib_a-mlock.o)
 .ARM.attributes
                0x000000000000060e       0x2d /home/hejohnson/Ac6/SystemWorkbench/plugins/fr.ac6.mcu.externaltools.arm-none.linux64_1.15.0.201708311556/tools/compiler/bin/../lib/gcc/arm-none-eabi/6.3.1/../../../../arm-none-eabi/lib/thumb/v7-m/libc_nano.a(lib_a-reent.o)
 .ARM.attributes
                0x000000000000063b       0x2d /home/hejohnson/Ac6/SystemWorkbench/plugins/fr.ac6.mcu.externaltools.arm-none.linux64_1.15.0.201708311556/tools/compiler/bin/../lib/gcc/arm-none-eabi/6.3.1/../../../../arm-none-eabi/lib/thumb/v7-m/libnosys.a(sbrk.o)
 .ARM.attributes
                0x0000000000000668       0x1d /home/hejohnson/Ac6/SystemWorkbench/plugins/fr.ac6.mcu.externaltools.arm-none.linux64_1.15.0.201708311556/tools/compiler/bin/../lib/gcc/arm-none-eabi/6.3.1/thumb/v7-m/crtn.o
OUTPUT(OnBoatDisplay.elf elf32-littlearm)

.debug_info     0x0000000000000000    0x19362
 .debug_info    0x0000000000000000     0x112a BSP/epd2in9b.o
 .debug_info    0x000000000000112a     0x1048 BSP/epdif.o
 .debug_info    0x0000000000002172      0xd37 BSP/epdpaint.o
 .debug_info    0x0000000000002ea9      0xfaa Drivers/STM32F1xx_HAL_Driver/Src/stm32f1xx_hal.o
 .debug_info    0x0000000000003e53     0x161b Drivers/STM32F1xx_HAL_Driver/Src/stm32f1xx_hal_adc.o
 .debug_info    0x000000000000546e     0x149c Drivers/STM32F1xx_HAL_Driver/Src/stm32f1xx_hal_can.o
 .debug_info    0x000000000000690a     0x147b Drivers/STM32F1xx_HAL_Driver/Src/stm32f1xx_hal_cortex.o
 .debug_info    0x0000000000007d85      0xe8b Drivers/STM32F1xx_HAL_Driver/Src/stm32f1xx_hal_gpio.o
 .debug_info    0x0000000000008c10     0x11f3 Drivers/STM32F1xx_HAL_Driver/Src/stm32f1xx_hal_rcc.o
 .debug_info    0x0000000000009e03      0xc6b Drivers/STM32F1xx_HAL_Driver/Src/stm32f1xx_hal_rcc_ex.o
 .debug_info    0x000000000000aa6e     0x2150 Drivers/STM32F1xx_HAL_Driver/Src/stm32f1xx_hal_spi.o
 .debug_info    0x000000000000cbbe      0xe28 Drivers/STM32F1xx_HAL_Driver/Src/stm32f1xx_hal_spi_ex.o
 .debug_info    0x000000000000d9e6     0x1e7e Drivers/STM32F1xx_HAL_Driver/Src/stm32f1xx_hal_uart.o
 .debug_info    0x000000000000f864      0x14e Fonts/font24.o
 .debug_info    0x000000000000f9b2      0xf55 Src/adc.o
 .debug_info    0x0000000000010907     0x1306 Src/can.o
 .debug_info    0x0000000000011c0d      0xbbd Src/gpio.o
 .debug_info    0x00000000000127ca     0x2286 Src/main.o
 .debug_info    0x0000000000014a50     0x105c Src/spi.o
 .debug_info    0x0000000000015aac      0xcd6 Src/stm32f1xx_hal_msp.o
 .debug_info    0x0000000000016782      0xf41 Src/stm32f1xx_it.o
 .debug_info    0x00000000000176c3      0xc1b Src/system_stm32f1xx.o
 .debug_info    0x00000000000182de     0x1016 Src/usart.o
 .debug_info    0x00000000000192f4       0x6e startup/startup_stm32f103xb.o

.debug_abbrev   0x0000000000000000     0x395a
 .debug_abbrev  0x0000000000000000      0x254 BSP/epd2in9b.o
 .debug_abbrev  0x0000000000000254      0x281 BSP/epdif.o
 .debug_abbrev  0x00000000000004d5      0x1e0 BSP/epdpaint.o
 .debug_abbrev  0x00000000000006b5      0x2f2 Drivers/STM32F1xx_HAL_Driver/Src/stm32f1xx_hal.o
 .debug_abbrev  0x00000000000009a7      0x295 Drivers/STM32F1xx_HAL_Driver/Src/stm32f1xx_hal_adc.o
 .debug_abbrev  0x0000000000000c3c      0x2dc Drivers/STM32F1xx_HAL_Driver/Src/stm32f1xx_hal_can.o
 .debug_abbrev  0x0000000000000f18      0x3cb Drivers/STM32F1xx_HAL_Driver/Src/stm32f1xx_hal_cortex.o
 .debug_abbrev  0x00000000000012e3      0x2a5 Drivers/STM32F1xx_HAL_Driver/Src/stm32f1xx_hal_gpio.o
 .debug_abbrev  0x0000000000001588      0x333 Drivers/STM32F1xx_HAL_Driver/Src/stm32f1xx_hal_rcc.o
 .debug_abbrev  0x00000000000018bb      0x2b2 Drivers/STM32F1xx_HAL_Driver/Src/stm32f1xx_hal_rcc_ex.o
 .debug_abbrev  0x0000000000001b6d      0x2df Drivers/STM32F1xx_HAL_Driver/Src/stm32f1xx_hal_spi.o
 .debug_abbrev  0x0000000000001e4c      0x207 Drivers/STM32F1xx_HAL_Driver/Src/stm32f1xx_hal_spi_ex.o
 .debug_abbrev  0x0000000000002053      0x306 Drivers/STM32F1xx_HAL_Driver/Src/stm32f1xx_hal_uart.o
 .debug_abbrev  0x0000000000002359       0xa5 Fonts/font24.o
 .debug_abbrev  0x00000000000023fe      0x254 Src/adc.o
 .debug_abbrev  0x0000000000002652      0x27b Src/can.o
 .debug_abbrev  0x00000000000028cd      0x229 Src/gpio.o
 .debug_abbrev  0x0000000000002af6      0x324 Src/main.o
 .debug_abbrev  0x0000000000002e1a      0x256 Src/spi.o
 .debug_abbrev  0x0000000000003070      0x232 Src/stm32f1xx_hal_msp.o
 .debug_abbrev  0x00000000000032a2      0x22a Src/stm32f1xx_it.o
 .debug_abbrev  0x00000000000034cc      0x226 Src/system_stm32f1xx.o
 .debug_abbrev  0x00000000000036f2      0x256 Src/usart.o
 .debug_abbrev  0x0000000000003948       0x12 startup/startup_stm32f103xb.o

.debug_loc      0x0000000000000000     0x6a55
 .debug_loc     0x0000000000000000      0x294 BSP/epd2in9b.o
 .debug_loc     0x0000000000000294       0xd5 BSP/epdif.o
 .debug_loc     0x0000000000000369      0xc95 BSP/epdpaint.o
 .debug_loc     0x0000000000000ffe      0x108 Drivers/STM32F1xx_HAL_Driver/Src/stm32f1xx_hal.o
 .debug_loc     0x0000000000001106      0x952 Drivers/STM32F1xx_HAL_Driver/Src/stm32f1xx_hal_adc.o
 .debug_loc     0x0000000000001a58      0xd22 Drivers/STM32F1xx_HAL_Driver/Src/stm32f1xx_hal_can.o
 .debug_loc     0x000000000000277a      0x5ad Drivers/STM32F1xx_HAL_Driver/Src/stm32f1xx_hal_cortex.o
 .debug_loc     0x0000000000002d27      0x42d Drivers/STM32F1xx_HAL_Driver/Src/stm32f1xx_hal_gpio.o
 .debug_loc     0x0000000000003154      0x4d1 Drivers/STM32F1xx_HAL_Driver/Src/stm32f1xx_hal_rcc.o
 .debug_loc     0x0000000000003625      0x2dc Drivers/STM32F1xx_HAL_Driver/Src/stm32f1xx_hal_rcc_ex.o
 .debug_loc     0x0000000000003901     0x19a5 Drivers/STM32F1xx_HAL_Driver/Src/stm32f1xx_hal_spi.o
 .debug_loc     0x00000000000052a6       0x4d Drivers/STM32F1xx_HAL_Driver/Src/stm32f1xx_hal_spi_ex.o
 .debug_loc     0x00000000000052f3     0x1515 Drivers/STM32F1xx_HAL_Driver/Src/stm32f1xx_hal_uart.o
 .debug_loc     0x0000000000006808       0x5b Src/can.o
 .debug_loc     0x0000000000006863       0x5d Src/main.o
 .debug_loc     0x00000000000068c0       0x5b Src/spi.o
 .debug_loc     0x000000000000691b       0xdf Src/system_stm32f1xx.o
 .debug_loc     0x00000000000069fa       0x5b Src/usart.o

.debug_aranges  0x0000000000000000      0xb58
 .debug_aranges
                0x0000000000000000       0x68 BSP/epd2in9b.o
 .debug_aranges
                0x0000000000000068       0x40 BSP/epdif.o
 .debug_aranges
                0x00000000000000a8       0xb8 BSP/epdpaint.o
 .debug_aranges
                0x0000000000000160       0xd0 Drivers/STM32F1xx_HAL_Driver/Src/stm32f1xx_hal.o
 .debug_aranges
                0x0000000000000230       0xf0 Drivers/STM32F1xx_HAL_Driver/Src/stm32f1xx_hal_adc.o
 .debug_aranges
                0x0000000000000320       0xb0 Drivers/STM32F1xx_HAL_Driver/Src/stm32f1xx_hal_can.o
 .debug_aranges
                0x00000000000003d0       0x90 Drivers/STM32F1xx_HAL_Driver/Src/stm32f1xx_hal_cortex.o
 .debug_aranges
                0x0000000000000460       0x58 Drivers/STM32F1xx_HAL_Driver/Src/stm32f1xx_hal_gpio.o
 .debug_aranges
                0x00000000000004b8       0x90 Drivers/STM32F1xx_HAL_Driver/Src/stm32f1xx_hal_rcc.o
 .debug_aranges
                0x0000000000000548       0x30 Drivers/STM32F1xx_HAL_Driver/Src/stm32f1xx_hal_rcc_ex.o
 .debug_aranges
                0x0000000000000578      0x1d0 Drivers/STM32F1xx_HAL_Driver/Src/stm32f1xx_hal_spi.o
 .debug_aranges
                0x0000000000000748       0x20 Drivers/STM32F1xx_HAL_Driver/Src/stm32f1xx_hal_spi_ex.o
 .debug_aranges
                0x0000000000000768      0x1d0 Drivers/STM32F1xx_HAL_Driver/Src/stm32f1xx_hal_uart.o
 .debug_aranges
                0x0000000000000938       0x18 Fonts/font24.o
 .debug_aranges
                0x0000000000000950       0x30 Src/adc.o
 .debug_aranges
                0x0000000000000980       0x30 Src/can.o
 .debug_aranges
                0x00000000000009b0       0x20 Src/gpio.o
 .debug_aranges
                0x00000000000009d0       0x48 Src/main.o
 .debug_aranges
                0x0000000000000a18       0x30 Src/spi.o
 .debug_aranges
                0x0000000000000a48       0x20 Src/stm32f1xx_hal_msp.o
 .debug_aranges
                0x0000000000000a68       0x70 Src/stm32f1xx_it.o
 .debug_aranges
                0x0000000000000ad8       0x28 Src/system_stm32f1xx.o
 .debug_aranges
                0x0000000000000b00       0x30 Src/usart.o
 .debug_aranges
                0x0000000000000b30       0x28 startup/startup_stm32f103xb.o

.debug_ranges   0x0000000000000000      0xa70
 .debug_ranges  0x0000000000000000       0x58 BSP/epd2in9b.o
 .debug_ranges  0x0000000000000058       0x30 BSP/epdif.o
 .debug_ranges  0x0000000000000088       0xa8 BSP/epdpaint.o
 .debug_ranges  0x0000000000000130       0xc0 Drivers/STM32F1xx_HAL_Driver/Src/stm32f1xx_hal.o
 .debug_ranges  0x00000000000001f0       0xe0 Drivers/STM32F1xx_HAL_Driver/Src/stm32f1xx_hal_adc.o
 .debug_ranges  0x00000000000002d0       0xa0 Drivers/STM32F1xx_HAL_Driver/Src/stm32f1xx_hal_can.o
 .debug_ranges  0x0000000000000370       0xe0 Drivers/STM32F1xx_HAL_Driver/Src/stm32f1xx_hal_cortex.o
 .debug_ranges  0x0000000000000450       0x48 Drivers/STM32F1xx_HAL_Driver/Src/stm32f1xx_hal_gpio.o
 .debug_ranges  0x0000000000000498       0xa0 Drivers/STM32F1xx_HAL_Driver/Src/stm32f1xx_hal_rcc.o
 .debug_ranges  0x0000000000000538       0x38 Drivers/STM32F1xx_HAL_Driver/Src/stm32f1xx_hal_rcc_ex.o
 .debug_ranges  0x0000000000000570      0x1c0 Drivers/STM32F1xx_HAL_Driver/Src/stm32f1xx_hal_spi.o
 .debug_ranges  0x0000000000000730       0x10 Drivers/STM32F1xx_HAL_Driver/Src/stm32f1xx_hal_spi_ex.o
 .debug_ranges  0x0000000000000740      0x1c0 Drivers/STM32F1xx_HAL_Driver/Src/stm32f1xx_hal_uart.o
 .debug_ranges  0x0000000000000900       0x20 Src/adc.o
 .debug_ranges  0x0000000000000920       0x20 Src/can.o
 .debug_ranges  0x0000000000000940       0x10 Src/gpio.o
 .debug_ranges  0x0000000000000950       0x38 Src/main.o
 .debug_ranges  0x0000000000000988       0x20 Src/spi.o
 .debug_ranges  0x00000000000009a8       0x10 Src/stm32f1xx_hal_msp.o
 .debug_ranges  0x00000000000009b8       0x60 Src/stm32f1xx_it.o
 .debug_ranges  0x0000000000000a18       0x18 Src/system_stm32f1xx.o
 .debug_ranges  0x0000000000000a30       0x20 Src/usart.o
 .debug_ranges  0x0000000000000a50       0x20 startup/startup_stm32f103xb.o

.debug_macro    0x0000000000000000    0x17b44
 .debug_macro   0x0000000000000000      0x352 BSP/epd2in9b.o
 .debug_macro   0x0000000000000352      0x8bc BSP/epd2in9b.o
 .debug_macro   0x0000000000000c0e       0x22 BSP/epd2in9b.o
 .debug_macro   0x0000000000000c30       0x52 BSP/epd2in9b.o
 .debug_macro   0x0000000000000c82       0x8d BSP/epd2in9b.o
 .debug_macro   0x0000000000000d0f       0x35 BSP/epd2in9b.o
 .debug_macro   0x0000000000000d44       0x9c BSP/epd2in9b.o
 .debug_macro   0x0000000000000de0       0x16 BSP/epd2in9b.o
 .debug_macro   0x0000000000000df6      0x10e BSP/epd2in9b.o
 .debug_macro   0x0000000000000f04       0x8d BSP/epd2in9b.o
 .debug_macro   0x0000000000000f91       0x57 BSP/epd2in9b.o
 .debug_macro   0x0000000000000fe8       0x58 BSP/epd2in9b.o
 .debug_macro   0x0000000000001040       0x1f BSP/epd2in9b.o
 .debug_macro   0x000000000000105f       0x43 BSP/epd2in9b.o
 .debug_macro   0x00000000000010a2       0x20 BSP/epd2in9b.o
 .debug_macro   0x00000000000010c2      0x187 BSP/epd2in9b.o
 .debug_macro   0x0000000000001249      0x330 BSP/epd2in9b.o
 .debug_macro   0x0000000000001579       0x16 BSP/epd2in9b.o
 .debug_macro   0x000000000000158f       0x29 BSP/epd2in9b.o
 .debug_macro   0x00000000000015b8       0x1c BSP/epd2in9b.o
 .debug_macro   0x00000000000015d4       0xef BSP/epd2in9b.o
 .debug_macro   0x00000000000016c3       0x6a BSP/epd2in9b.o
 .debug_macro   0x000000000000172d      0x1df BSP/epd2in9b.o
 .debug_macro   0x000000000000190c       0xd0 BSP/epd2in9b.o
 .debug_macro   0x00000000000019dc       0x40 BSP/epd2in9b.o
 .debug_macro   0x0000000000001a1c      0x175 BSP/epd2in9b.o
 .debug_macro   0x0000000000001b91       0x2e BSP/epd2in9b.o
 .debug_macro   0x0000000000001bbf       0x22 BSP/epd2in9b.o
 .debug_macro   0x0000000000001be1       0x3a BSP/epd2in9b.o
 .debug_macro   0x0000000000001c1b       0x34 BSP/epd2in9b.o
 .debug_macro   0x0000000000001c4f      0xb8e BSP/epd2in9b.o
 .debug_macro   0x00000000000027dd     0xe90a BSP/epd2in9b.o
 .debug_macro   0x00000000000110e7       0x43 BSP/epd2in9b.o
 .debug_macro   0x000000000001112a       0x1c BSP/epd2in9b.o
 .debug_macro   0x0000000000011146       0x35 BSP/epd2in9b.o
 .debug_macro   0x000000000001117b       0x10 BSP/epd2in9b.o
 .debug_macro   0x000000000001118b       0x10 BSP/epd2in9b.o
 .debug_macro   0x000000000001119b       0x1c BSP/epd2in9b.o
 .debug_macro   0x00000000000111b7       0x52 BSP/epd2in9b.o
 .debug_macro   0x0000000000011209       0x40 BSP/epd2in9b.o
 .debug_macro   0x0000000000011249       0x10 BSP/epd2in9b.o
 .debug_macro   0x0000000000011259       0x40 BSP/epd2in9b.o
 .debug_macro   0x0000000000011299       0xd7 BSP/epd2in9b.o
 .debug_macro   0x0000000000011370       0x16 BSP/epd2in9b.o
 .debug_macro   0x0000000000011386      0x18b BSP/epd2in9b.o
 .debug_macro   0x0000000000011511       0x50 BSP/epd2in9b.o
 .debug_macro   0x0000000000011561      0x5c2 BSP/epd2in9b.o
 .debug_macro   0x0000000000011b23      0x28a BSP/epd2in9b.o
 .debug_macro   0x0000000000011dad      0x1cb BSP/epd2in9b.o
 .debug_macro   0x0000000000011f78      0x11e BSP/epd2in9b.o
 .debug_macro   0x0000000000012096      0x1b3 BSP/epd2in9b.o
 .debug_macro   0x0000000000012249       0x27 BSP/epd2in9b.o
 .debug_macro   0x0000000000012270      0x1bc BSP/epd2in9b.o
 .debug_macro   0x000000000001242c       0x34 BSP/epd2in9b.o
 .debug_macro   0x0000000000012460       0x3c BSP/epd2in9b.o
 .debug_macro   0x000000000001249c      0x3a6 BSP/epd2in9b.o
 .debug_macro   0x0000000000012842       0x10 BSP/epd2in9b.o
 .debug_macro   0x0000000000012852       0x74 BSP/epd2in9b.o
 .debug_macro   0x00000000000128c6       0x57 BSP/epd2in9b.o
 .debug_macro   0x000000000001291d      0x46a BSP/epd2in9b.o
 .debug_macro   0x0000000000012d87      0x1b5 BSP/epd2in9b.o
 .debug_macro   0x0000000000012f3c       0x8c BSP/epd2in9b.o
 .debug_macro   0x0000000000012fc8      0x242 BSP/epd2in9b.o
 .debug_macro   0x000000000001320a      0x143 BSP/epd2in9b.o
 .debug_macro   0x000000000001334d      0x1f4 BSP/epd2in9b.o
 .debug_macro   0x0000000000013541      0x26b BSP/epd2in9b.o
 .debug_macro   0x00000000000137ac       0x83 BSP/epd2in9b.o
 .debug_macro   0x000000000001382f       0x28 BSP/epd2in9b.o
 .debug_macro   0x0000000000013857      0x326 BSP/epdif.o
 .debug_macro   0x0000000000013b7d       0x87 BSP/epdif.o
 .debug_macro   0x0000000000013c04       0x51 BSP/epdif.o
 .debug_macro   0x0000000000013c55       0x34 BSP/epdif.o
 .debug_macro   0x0000000000013c89       0x58 BSP/epdif.o
 .debug_macro   0x0000000000013ce1       0x16 BSP/epdif.o
 .debug_macro   0x0000000000013cf7       0x97 BSP/epdif.o
 .debug_macro   0x0000000000013d8e       0xfd BSP/epdif.o
 .debug_macro   0x0000000000013e8b       0x75 BSP/epdpaint.o
 .debug_macro   0x0000000000013f00       0x28 BSP/epdpaint.o
 .debug_macro   0x0000000000013f28      0x32d Drivers/STM32F1xx_HAL_Driver/Src/stm32f1xx_hal.o
 .debug_macro   0x0000000000014255      0x326 Drivers/STM32F1xx_HAL_Driver/Src/stm32f1xx_hal_adc.o
 .debug_macro   0x000000000001457b      0x310 Drivers/STM32F1xx_HAL_Driver/Src/stm32f1xx_hal_can.o
 .debug_macro   0x000000000001488b      0x309 Drivers/STM32F1xx_HAL_Driver/Src/stm32f1xx_hal_cortex.o
 .debug_macro   0x0000000000014b94      0x379 Drivers/STM32F1xx_HAL_Driver/Src/stm32f1xx_hal_gpio.o
 .debug_macro   0x0000000000014f0d      0x31b Drivers/STM32F1xx_HAL_Driver/Src/stm32f1xx_hal_rcc.o
 .debug_macro   0x0000000000015228      0x309 Drivers/STM32F1xx_HAL_Driver/Src/stm32f1xx_hal_rcc_ex.o
 .debug_macro   0x0000000000015531      0x311 Drivers/STM32F1xx_HAL_Driver/Src/stm32f1xx_hal_spi.o
 .debug_macro   0x0000000000015842      0x309 Drivers/STM32F1xx_HAL_Driver/Src/stm32f1xx_hal_spi_ex.o
 .debug_macro   0x0000000000015b4b      0x30a Drivers/STM32F1xx_HAL_Driver/Src/stm32f1xx_hal_uart.o
 .debug_macro   0x0000000000015e55       0x6c Fonts/font24.o
 .debug_macro   0x0000000000015ec1      0x313 Src/adc.o
 .debug_macro   0x00000000000161d4      0x31d Src/can.o
 .debug_macro   0x00000000000164f1      0x313 Src/gpio.o
 .debug_macro   0x0000000000016804      0x3ad Src/main.o
 .debug_macro   0x0000000000016bb1       0x2e Src/main.o
 .debug_macro   0x0000000000016bdf      0x31d Src/spi.o
 .debug_macro   0x0000000000016efc      0x309 Src/stm32f1xx_hal_msp.o
 .debug_macro   0x0000000000017205      0x313 Src/stm32f1xx_it.o
 .debug_macro   0x0000000000017518      0x30f Src/system_stm32f1xx.o
 .debug_macro   0x0000000000017827      0x31d Src/usart.o

.debug_line     0x0000000000000000     0xd0f1
 .debug_line    0x0000000000000000      0x8cc BSP/epd2in9b.o
 .debug_line    0x00000000000008cc      0x7ba BSP/epdif.o
 .debug_line    0x0000000000001086      0x602 BSP/epdpaint.o
 .debug_line    0x0000000000001688      0x91e Drivers/STM32F1xx_HAL_Driver/Src/stm32f1xx_hal.o
 .debug_line    0x0000000000001fa6      0xc9a Drivers/STM32F1xx_HAL_Driver/Src/stm32f1xx_hal_adc.o
 .debug_line    0x0000000000002c40      0xd31 Drivers/STM32F1xx_HAL_Driver/Src/stm32f1xx_hal_can.o
 .debug_line    0x0000000000003971      0x91d Drivers/STM32F1xx_HAL_Driver/Src/stm32f1xx_hal_cortex.o
 .debug_line    0x000000000000428e      0x91f Drivers/STM32F1xx_HAL_Driver/Src/stm32f1xx_hal_gpio.o
 .debug_line    0x0000000000004bad      0xa31 Drivers/STM32F1xx_HAL_Driver/Src/stm32f1xx_hal_rcc.o
 .debug_line    0x00000000000055de      0x82c Drivers/STM32F1xx_HAL_Driver/Src/stm32f1xx_hal_rcc_ex.o
 .debug_line    0x0000000000005e0a     0x115c Drivers/STM32F1xx_HAL_Driver/Src/stm32f1xx_hal_spi.o
 .debug_line    0x0000000000006f66      0x79c Drivers/STM32F1xx_HAL_Driver/Src/stm32f1xx_hal_spi_ex.o
 .debug_line    0x0000000000007702     0x104f Drivers/STM32F1xx_HAL_Driver/Src/stm32f1xx_hal_uart.o
 .debug_line    0x0000000000008751      0x2fc Fonts/font24.o
 .debug_line    0x0000000000008a4d      0x79e Src/adc.o
 .debug_line    0x00000000000091eb      0x7af Src/can.o
 .debug_line    0x000000000000999a      0x771 Src/gpio.o
 .debug_line    0x000000000000a10b      0x8f6 Src/main.o
 .debug_line    0x000000000000aa01      0x7a5 Src/spi.o
 .debug_line    0x000000000000b1a6      0x76e Src/stm32f1xx_hal_msp.o
 .debug_line    0x000000000000b914      0x815 Src/stm32f1xx_it.o
 .debug_line    0x000000000000c129      0x7a2 Src/system_stm32f1xx.o
 .debug_line    0x000000000000c8cb      0x7a9 Src/usart.o
 .debug_line    0x000000000000d074       0x7d startup/startup_stm32f103xb.o

.debug_str      0x0000000000000000    0x73faf
 .debug_str     0x0000000000000000    0x70e7c BSP/epd2in9b.o
                                      0x711d3 (size before relaxing)
 .debug_str     0x0000000000070e7c      0x434 BSP/epdif.o
                                      0x710e5 (size before relaxing)
 .debug_str     0x00000000000712b0      0x271 BSP/epdpaint.o
                                       0x3784 (size before relaxing)
 .debug_str     0x0000000000071521      0x72e Drivers/STM32F1xx_HAL_Driver/Src/stm32f1xx_hal.o
                                      0x7136a (size before relaxing)
 .debug_str     0x0000000000071c4f      0x50b Drivers/STM32F1xx_HAL_Driver/Src/stm32f1xx_hal_adc.o
                                      0x71311 (size before relaxing)
 .debug_str     0x000000000007215a      0x521 Drivers/STM32F1xx_HAL_Driver/Src/stm32f1xx_hal_can.o
                                      0x711bb (size before relaxing)
 .debug_str     0x000000000007267b      0x2af Drivers/STM32F1xx_HAL_Driver/Src/stm32f1xx_hal_cortex.o
                                      0x712bf (size before relaxing)
 .debug_str     0x000000000007292a      0x34a Drivers/STM32F1xx_HAL_Driver/Src/stm32f1xx_hal_gpio.o
                                      0x71006 (size before relaxing)
 .debug_str     0x0000000000072c74      0x368 Drivers/STM32F1xx_HAL_Driver/Src/stm32f1xx_hal_rcc.o
                                      0x7105b (size before relaxing)
 .debug_str     0x0000000000072fdc      0x110 Drivers/STM32F1xx_HAL_Driver/Src/stm32f1xx_hal_rcc_ex.o
                                      0x70de7 (size before relaxing)
 .debug_str     0x00000000000730ec      0x50e Drivers/STM32F1xx_HAL_Driver/Src/stm32f1xx_hal_spi.o
                                      0x71518 (size before relaxing)
 .debug_str     0x00000000000735fa       0x3b Drivers/STM32F1xx_HAL_Driver/Src/stm32f1xx_hal_spi_ex.o
                                      0x70fe7 (size before relaxing)
 .debug_str     0x0000000000073635      0x67b Drivers/STM32F1xx_HAL_Driver/Src/stm32f1xx_hal_uart.o
                                      0x71574 (size before relaxing)
 .debug_str     0x0000000000073cb0       0x1f Fonts/font24.o
                                       0x3529 (size before relaxing)
 .debug_str     0x0000000000073ccf       0x42 Src/adc.o
                                      0x70fb1 (size before relaxing)
 .debug_str     0x0000000000073d11       0x46 Src/can.o
                                      0x7132c (size before relaxing)
 .debug_str     0x0000000000073d57       0x1b Src/gpio.o
                                      0x70ca8 (size before relaxing)
 .debug_str     0x0000000000073d72       0xd0 Src/main.o
                                      0x721ef (size before relaxing)
 .debug_str     0x0000000000073e42       0x17 Src/spi.o
                                      0x7109a (size before relaxing)
 .debug_str     0x0000000000073e59       0x1b Src/stm32f1xx_hal_msp.o
                                      0x70f47 (size before relaxing)
 .debug_str     0x0000000000073e74       0xb8 Src/stm32f1xx_it.o
                                      0x70fda (size before relaxing)
 .debug_str     0x0000000000073f2c       0x69 Src/system_stm32f1xx.o
                                      0x70cb1 (size before relaxing)
 .debug_str     0x0000000000073f95       0x1a Src/usart.o
                                      0x71083 (size before relaxing)

.comment        0x0000000000000000       0x7f
 .comment       0x0000000000000000       0x7f BSP/epd2in9b.o
                                         0x80 (size before relaxing)
 .comment       0x000000000000007f       0x80 BSP/epdif.o
 .comment       0x000000000000007f       0x80 BSP/epdpaint.o
 .comment       0x000000000000007f       0x80 Drivers/STM32F1xx_HAL_Driver/Src/stm32f1xx_hal.o
 .comment       0x000000000000007f       0x80 Drivers/STM32F1xx_HAL_Driver/Src/stm32f1xx_hal_adc.o
 .comment       0x000000000000007f       0x80 Drivers/STM32F1xx_HAL_Driver/Src/stm32f1xx_hal_can.o
 .comment       0x000000000000007f       0x80 Drivers/STM32F1xx_HAL_Driver/Src/stm32f1xx_hal_cortex.o
 .comment       0x000000000000007f       0x80 Drivers/STM32F1xx_HAL_Driver/Src/stm32f1xx_hal_gpio.o
 .comment       0x000000000000007f       0x80 Drivers/STM32F1xx_HAL_Driver/Src/stm32f1xx_hal_rcc.o
 .comment       0x000000000000007f       0x80 Drivers/STM32F1xx_HAL_Driver/Src/stm32f1xx_hal_rcc_ex.o
 .comment       0x000000000000007f       0x80 Drivers/STM32F1xx_HAL_Driver/Src/stm32f1xx_hal_spi.o
 .comment       0x000000000000007f       0x80 Drivers/STM32F1xx_HAL_Driver/Src/stm32f1xx_hal_spi_ex.o
 .comment       0x000000000000007f       0x80 Drivers/STM32F1xx_HAL_Driver/Src/stm32f1xx_hal_uart.o
 .comment       0x000000000000007f       0x80 Fonts/font24.o
 .comment       0x000000000000007f       0x80 Src/adc.o
 .comment       0x000000000000007f       0x80 Src/can.o
 .comment       0x000000000000007f       0x80 Src/gpio.o
 .comment       0x000000000000007f       0x80 Src/main.o
 .comment       0x000000000000007f       0x80 Src/spi.o
 .comment       0x000000000000007f       0x80 Src/stm32f1xx_hal_msp.o
 .comment       0x000000000000007f       0x80 Src/stm32f1xx_it.o
 .comment       0x000000000000007f       0x80 Src/system_stm32f1xx.o
 .comment       0x000000000000007f       0x80 Src/usart.o

.debug_frame    0x0000000000000000     0x1dc4
 .debug_frame   0x0000000000000000      0x10c BSP/epd2in9b.o
 .debug_frame   0x000000000000010c       0x94 BSP/epdif.o
 .debug_frame   0x00000000000001a0      0x26c BSP/epdpaint.o
 .debug_frame   0x000000000000040c      0x1ac Drivers/STM32F1xx_HAL_Driver/Src/stm32f1xx_hal.o
 .debug_frame   0x00000000000005b8      0x2a8 Drivers/STM32F1xx_HAL_Driver/Src/stm32f1xx_hal_adc.o
 .debug_frame   0x0000000000000860      0x208 Drivers/STM32F1xx_HAL_Driver/Src/stm32f1xx_hal_can.o
 .debug_frame   0x0000000000000a68      0x12c Drivers/STM32F1xx_HAL_Driver/Src/stm32f1xx_hal_cortex.o
 .debug_frame   0x0000000000000b94       0xe4 Drivers/STM32F1xx_HAL_Driver/Src/stm32f1xx_hal_gpio.o
 .debug_frame   0x0000000000000c78      0x170 Drivers/STM32F1xx_HAL_Driver/Src/stm32f1xx_hal_rcc.o
 .debug_frame   0x0000000000000de8       0x6c Drivers/STM32F1xx_HAL_Driver/Src/stm32f1xx_hal_rcc_ex.o
 .debug_frame   0x0000000000000e54      0x570 Drivers/STM32F1xx_HAL_Driver/Src/stm32f1xx_hal_spi.o
 .debug_frame   0x00000000000013c4       0x2c Drivers/STM32F1xx_HAL_Driver/Src/stm32f1xx_hal_spi_ex.o
 .debug_frame   0x00000000000013f0      0x4e8 Drivers/STM32F1xx_HAL_Driver/Src/stm32f1xx_hal_uart.o
 .debug_frame   0x00000000000018d8       0x58 Src/adc.o
 .debug_frame   0x0000000000001930       0x60 Src/can.o
 .debug_frame   0x0000000000001990       0x34 Src/gpio.o
 .debug_frame   0x00000000000019c4       0xb0 Src/main.o
 .debug_frame   0x0000000000001a74       0x5c Src/spi.o
 .debug_frame   0x0000000000001ad0       0x2c Src/stm32f1xx_hal_msp.o
 .debug_frame   0x0000000000001afc       0xd8 Src/stm32f1xx_it.o
 .debug_frame   0x0000000000001bd4       0x30 Src/system_stm32f1xx.o
 .debug_frame   0x0000000000001c04       0x60 Src/usart.o
 .debug_frame   0x0000000000001c64       0x2c /home/hejohnson/Ac6/SystemWorkbench/plugins/fr.ac6.mcu.externaltools.arm-none.linux64_1.15.0.201708311556/tools/compiler/bin/../lib/gcc/arm-none-eabi/6.3.1/../../../../arm-none-eabi/lib/thumb/v7-m/libc_nano.a(lib_a-init.o)
 .debug_frame   0x0000000000001c90       0x30 /home/hejohnson/Ac6/SystemWorkbench/plugins/fr.ac6.mcu.externaltools.arm-none.linux64_1.15.0.201708311556/tools/compiler/bin/../lib/gcc/arm-none-eabi/6.3.1/../../../../arm-none-eabi/lib/thumb/v7-m/libc_nano.a(lib_a-malloc.o)
 .debug_frame   0x0000000000001cc0       0x2c /home/hejohnson/Ac6/SystemWorkbench/plugins/fr.ac6.mcu.externaltools.arm-none.linux64_1.15.0.201708311556/tools/compiler/bin/../lib/gcc/arm-none-eabi/6.3.1/../../../../arm-none-eabi/lib/thumb/v7-m/libc_nano.a(lib_a-nano-mallocr.o)
 .debug_frame   0x0000000000001cec       0x2c /home/hejohnson/Ac6/SystemWorkbench/plugins/fr.ac6.mcu.externaltools.arm-none.linux64_1.15.0.201708311556/tools/compiler/bin/../lib/gcc/arm-none-eabi/6.3.1/../../../../arm-none-eabi/lib/thumb/v7-m/libc_nano.a(lib_a-sbrkr.o)
 .debug_frame   0x0000000000001d18       0x30 /home/hejohnson/Ac6/SystemWorkbench/plugins/fr.ac6.mcu.externaltools.arm-none.linux64_1.15.0.201708311556/tools/compiler/bin/../lib/gcc/arm-none-eabi/6.3.1/../../../../arm-none-eabi/lib/thumb/v7-m/libc_nano.a(lib_a-mlock.o)
 .debug_frame   0x0000000000001d48       0x5c /home/hejohnson/Ac6/SystemWorkbench/plugins/fr.ac6.mcu.externaltools.arm-none.linux64_1.15.0.201708311556/tools/compiler/bin/../lib/gcc/arm-none-eabi/6.3.1/../../../../arm-none-eabi/lib/thumb/v7-m/libc_nano.a(lib_a-reent.o)
 .debug_frame   0x0000000000001da4       0x20 /home/hejohnson/Ac6/SystemWorkbench/plugins/fr.ac6.mcu.externaltools.arm-none.linux64_1.15.0.201708311556/tools/compiler/bin/../lib/gcc/arm-none-eabi/6.3.1/../../../../arm-none-eabi/lib/thumb/v7-m/libnosys.a(sbrk.o)
